(node:35272) ExperimentalWarning: Type Stripping is an experimental feature and might change at any time
(Use `node --trace-warnings ...` to show where the warning was created)
(node:35272) [MODULE_TYPELESS_PACKAGE_JSON] Warning: Module type of file:///D:/spiritbear/PROYECTS/FRONT/NEXTJS/portfolio_frontend/scripts/test-projects.ts is not specified and it doesn't parse as CommonJS.
Reparsing as ES module because module syntax was detected. This incurs a performance overhead.
To eliminate this warning, add "type": "module" to D:\spiritbear\PROYECTS\FRONT\NEXTJS\portfolio_frontend\package.json.
Testing Project query...
Error querying projects:
PrismaClientInitializationError: 
Invalid `prisma.project.findMany()` invocation:


error: Environment variable not found: DATABASE_URL.
  -->  schema.prisma:10
   | 
 9 |   provider = "mongodb"
10 |   url      = env("DATABASE_URL")
   | 

Validation Error Count: 1
    at ei.handleRequestError (D:\spiritbear\PROYECTS\FRONT\NEXTJS\portfolio_frontend\node_modules\.pnpm\@prisma+client@6.19.0_prism_0ade0c2032e7f19289902b884120cfab\node_modules\@prisma\client\src\runtime\RequestHandler.ts:242:13)
    at ei.handleAndLogRequestError (D:\spiritbear\PROYECTS\FRONT\NEXTJS\portfolio_frontend\node_modules\.pnpm\@prisma+client@6.19.0_prism_0ade0c2032e7f19289902b884120cfab\node_modules\@prisma\client\src\runtime\RequestHandler.ts:174:12)
    at ei.request (D:\spiritbear\PROYECTS\FRONT\NEXTJS\portfolio_frontend\node_modules\.pnpm\@prisma+client@6.19.0_prism_0ade0c2032e7f19289902b884120cfab\node_modules\@prisma\client\src\runtime\RequestHandler.ts:143:12)
    at async a (D:\spiritbear\PROYECTS\FRONT\NEXTJS\portfolio_frontend\node_modules\.pnpm\@prisma+client@6.19.0_prism_0ade0c2032e7f19289902b884120cfab\node_modules\@prisma\client\src\runtime\getPrismaClient.ts:833:24)
    at async main (file:///D:/spiritbear/PROYECTS/FRONT/NEXTJS/portfolio_frontend/scripts/test-projects.ts:9:26) {
  clientVersion: '6.19.0',
  errorCode: undefined,
  retryable: undefined
}
